Microchip MPLAB XC8 Compiler V1.44 ()

Linker command line:

-W-3 --edf=C:\Program Files\Microchip\xc8\v1.44\dat\en_msgs.txt -cs \
  -h+dist/default/production\launchpad.X.production.sym \
  --cmf=dist/default/production\launchpad.X.production.cmf -z -Q18F4520 \
  -oC:\Users\USER\AppData\Local\Temp\sd0k.2 \
  -Mdist/default/production/launchpad.X.production.map -E1 -ver=XC8 \
  -ASTACK=080h-05ffh -pstack=STACK -ACODE=00h-07FFFh -ACONST=00h-07FFFh \
  -ASMALLCONST=0600h-06FFhx122 -AMEDIUMCONST=0600h-07FFFh -ACOMRAM=01h-07Fh \
  -AABS1=00h-05FFh -ABIGRAM=01h-05FFh -ARAM=080h-0FFh,0100h-01FFhx5 \
  -ABANK0=080h-0FFh -ABANK1=0100h-01FFh -ABANK2=0200h-02FFh \
  -ABANK3=0300h-03FFh -ABANK4=0400h-04FFh -ABANK5=0500h-05FFh \
  -ASFR=0F80h-0FFFh -preset_vec=00h,intcode,intcodelo,powerup,init \
  -pramtop=0600h -psmallconst=SMALLCONST -pmediumconst=MEDIUMCONST \
  -pconst=CONST -AFARRAM=00h-00h -ACONFIG=0300000h-030000Dh -pconfig=CONFIG \
  -AIDLOC=0200000h-0200007h -pidloc=IDLOC -AEEDATA=0F00000h-0F000FFh \
  -peeprom_data=EEDATA \
  -prdata=COMRAM,nvrram=COMRAM,nvbit=COMRAM,rbss=COMRAM,rbit=COMRAM \
  -pfarbss=FARRAM,fardata=FARRAM,nvFARRAM=FARRAM \
  -pintsave_regs=BIGRAM,bigbss=BIGRAM,bigdata=BIGRAM -pbss=RAM \
  -pidata=CODE,irdata=CODE,ibigdata=CODE,ifardata=CODE -prparam=COMRAM \
  C:\Users\USER\AppData\Local\Temp\sd0k.obj \
  dist/default/production\launchpad.X.production.obj 

Object code version is 3.11

Machine type is 18F4520

Call graph: (short form)




                Name                               Link     Load   Length Selector   Space Scale
C:\Users\USER\AppData\Local\Temp\sd0k.obj
                init                                  0        0        4        0       0
                idloc                            200000   200000        8   200000       0
                config                           300000   300000        E   300000       0
dist/default/production\launchpad.X.production.obj
                text7                              7D8A     7D8A        4     3EC5       0
                text6                              7DD2     7DD2       1E     3EE9       0
                text5                              7DB6     7DB6       1C     3EDB       0
                text4                              7E22     7E22       4E     3F11       0
                text3                              7D8E     7D8E       12     3EC7       0
                text2                              7EC4     7EC4       5E     3F62       0
                text1                              7E70     7E70       54     3F38       0
                text0                              7F22     7F22       DE     3F91       0
                cstackCOMRAM                         2B       2B        B        1       1
                dataCOMRAM                           16       16       15        1       1
                bssCOMRAM                             1        1       15        1       1
                cinit                              7DF0     7DF0       32     3EF8       0
                idataCOMRAM                        7DA1     7DA1       15     7DA1       0

TOTAL           Name                               Link     Load   Length     Space
        CLASS   STACK          

        CLASS   CODE           
                init                                  0        0        4         0
                text7                              7D8A     7D8A        4         0
                text6                              7DD2     7DD2       1E         0
                text5                              7DB6     7DB6       1C         0
                text4                              7E22     7E22       4E         0
                text3                              7D8E     7D8E       12         0
                text2                              7EC4     7EC4       5E         0
                text1                              7E70     7E70       54         0
                text0                              7F22     7F22       DE         0
                cinit                              7DF0     7DF0       32         0
                idataCOMRAM                        7DA1     7DA1       15         0

        CLASS   CONST          

        CLASS   SMALLCONST     

        CLASS   MEDIUMCONST    

        CLASS   COMRAM         
                cstackCOMRAM                         2B       2B        B         1
                dataCOMRAM                           16       16       15         1
                bssCOMRAM                             1        1       15         1

        CLASS   ABS1           

        CLASS   BIGRAM         

        CLASS   RAM            

        CLASS   BANK0          

        CLASS   BANK1          

        CLASS   BANK2          

        CLASS   BANK3          

        CLASS   BANK4          

        CLASS   BANK5          

        CLASS   SFR            

        CLASS   FARRAM         

        CLASS   CONFIG         
                config                           300000   300000        E         0

        CLASS   IDLOC          
                idloc                            200000   200000        8         0

        CLASS   EEDATA         



SEGMENTS        Name                           Load    Length   Top    Selector   Space  Class

                reset_vec                      000000  000004  000004         0       0  CODE    
                bssCOMRAM                      000001  000035  000036         1       1  COMRAM  
                text7                          007D8A  000004  007D8E      3EC5       0  CODE    
                text3                          007D8E  000012  007DA0      3EC7       0  CODE    
                idataCOMRAM                    007DA1  000015  007DB6      7DA1       0  CODE    
                text5                          007DB6  00001C  007DD2      3EDB       0  CODE    
                text6                          007DD2  00001E  007DF0      3EE9       0  CODE    
                cinit                          007DF0  000032  007E22      3EF8       0  CODE    
                text4                          007E22  00004E  007E70      3F11       0  CODE    
                text1                          007E70  000054  007EC4      3F38       0  CODE    
                text2                          007EC4  00005E  007F22      3F62       0  CODE    
                text0                          007F22  0000DE  008000      3F91       0  CODE    
                idloc                          200000  000008  200008    200000       0  IDLOC   
                config                         300000  00000E  30000E    300000       0  CONFIG  


UNUSED ADDRESS RANGES

        Name                Unused          Largest block    Delta
        BANK0            000080-0000FF               80
        BANK1            000100-0001FF              100
        BANK2            000200-0002FF              100
        BANK3            000300-0003FF              100
        BANK4            000400-0004FF              100
        BANK5            000500-0005FF              100
        BIGRAM           000036-0005FF              5CA
        CODE             000004-007D89             7D86
                         007DA0-007DA0                1
        COMRAM           000036-00007F               4A
        CONST            000004-007D89             7D86
                         007DA0-007DA0                1
        EEDATA           F00000-F000FF              100
        MEDIUMCONST      000600-007D89             778A
                         007DA0-007DA0                1
        RAM              000080-0005FF              100
        SFR              000F80-000FFF               80
        SMALLCONST       000600-007D89              100
                         007DA0-007DA0                1
        STACK            000080-0005FF              580

                                  Symbol Table

OpenI2C@slew             cstackCOMRAM 00002B
OpenI2C@sync_mode        cstackCOMRAM 00002C
WriteI2C@data_out        cstackCOMRAM 00002C
_CloseI2C                text7        007D8A
_I2C_Recv                bssCOMRAM    000001
_I2C_Send                dataCOMRAM   000016
_IdleI2C                 text3        007D8E
_OpenI2C                 text6        007DD2
_PIR1bits                (abs)        000F9E
_PIR2bits                (abs)        000FA1
_ReadI2C                 text5        007DB6
_SSPADD                  (abs)        000FC8
_SSPBUF                  (abs)        000FC9
_SSPCON1                 (abs)        000FC6
_SSPCON1bits             (abs)        000FC6
_SSPCON2                 (abs)        000FC5
_SSPCON2bits             (abs)        000FC5
_SSPSTAT                 (abs)        000FC7
_SSPSTATbits             (abs)        000FC7
_TRISCbits               (abs)        000F94
_WriteI2C                text2        007EC4
__CFG_BOREN$SBORDIS      (abs)        000000
__CFG_BORV$3             (abs)        000000
__CFG_CCP2MX$PORTC       (abs)        000000
__CFG_CP0$OFF            (abs)        000000
__CFG_CP1$OFF            (abs)        000000
__CFG_CP2$OFF            (abs)        000000
__CFG_CP3$OFF            (abs)        000000
__CFG_CPB$OFF            (abs)        000000
__CFG_CPD$OFF            (abs)        000000
__CFG_EBTR0$OFF          (abs)        000000
__CFG_EBTR1$OFF          (abs)        000000
__CFG_EBTR2$OFF          (abs)        000000
__CFG_EBTR3$OFF          (abs)        000000
__CFG_EBTRB$OFF          (abs)        000000
__CFG_FCMEN$OFF          (abs)        000000
__CFG_IESO$ON            (abs)        000000
__CFG_LPT1OSC$OFF        (abs)        000000
__CFG_LVP$OFF            (abs)        000000
__CFG_MCLRE$ON           (abs)        000000
__CFG_OSC$INTIO67        (abs)        000000
__CFG_PBADEN$ON          (abs)        000000
__CFG_PWRT$OFF           (abs)        000000
__CFG_STVREN$ON          (abs)        000000
__CFG_WDT$OFF            (abs)        000000
__CFG_WDTPS$1            (abs)        000000
__CFG_WRT0$OFF           (abs)        000000
__CFG_WRT1$OFF           (abs)        000000
__CFG_WRT2$OFF           (abs)        000000
__CFG_WRT3$OFF           (abs)        000000
__CFG_WRTB$OFF           (abs)        000000
__CFG_WRTC$OFF           (abs)        000000
__CFG_WRTD$OFF           (abs)        000000
__CFG_XINST$OFF          (abs)        000000
__HRAM                   (abs)        000000
__Habs1                  abs1         000000
__Hbank0                 bank0        000000
__Hbank1                 bank1        000000
__Hbank2                 bank2        000000
__Hbank3                 bank3        000000
__Hbank4                 bank4        000000
__Hbank5                 bank5        000000
__Hbigbss                bigbss       000000
__Hbigdata               bigdata      000000
__Hbigram                bigram       000000
__Hbss                   bss          000000
__HbssCOMRAM             bssCOMRAM    000000
__Hcinit                 cinit        000000
__Hclrtext               clrtext      000000
__Hcomram                comram       000000
__Hconfig                config       30000E
__Hconst                 const        000000
__HcstackCOMRAM          cstackCOMRAM 000000
__Hdata                  data         000000
__HdataCOMRAM            dataCOMRAM   000000
__Heeprom_data           eeprom_data  000000
__Hfarbss                farbss       000000
__Hfardata               fardata      000000
__Hibigdata              ibigdata     000000
__Hidata                 idata        000000
__HidataCOMRAM           idataCOMRAM  000000
__Hidloc                 idloc        200008
__Hifardata              ifardata     000000
__Hinit                  init         000004
__Hintcode               intcode      000000
__Hintcode_body          intcode_body 000000
__Hintcodelo             intcodelo    000000
__Hintentry              intentry     000000
__Hintret                intret       000000
__Hintsave_regs          intsave_regs 000000
__Hirdata                irdata       000000
__Hmediumconst           mediumconst  000000
__HnvFARRAM              nvFARRAM     000000
__Hnvbit                 nvbit        000000
__Hnvrram                nvrram       000000
__Hparam                 rparam       000000
__Hpowerup               powerup      000000
__Hram                   ram          000000
__Hramtop                ramtop       000600
__Hrbit                  rbit         000000
__Hrbss                  rbss         000000
__Hrdata                 rdata        000000
__Hreset_vec             reset_vec    000000
__Hrparam                rparam       000000
__Hsfr                   sfr          000000
__Hsmallconst            smallconst   000000
__Hspace_0               (abs)        30000E
__Hspace_1               (abs)        000036
__Hspace_2               (abs)        000000
__Hstack                 stack        000000
__Hstruct                struct       000000
__Htemp                  temp         000000
__Htext                  text         000000
__Htext0                 text0        000000
__Htext1                 text1        000000
__Htext2                 text2        000000
__Htext3                 text3        000000
__Htext4                 text4        000000
__Htext5                 text5        000000
__Htext6                 text6        000000
__Htext7                 text7        000000
__LRAM                   (abs)        000001
__Labs1                  abs1         000000
__Lbank0                 bank0        000000
__Lbank1                 bank1        000000
__Lbank2                 bank2        000000
__Lbank3                 bank3        000000
__Lbank4                 bank4        000000
__Lbank5                 bank5        000000
__Lbigbss                bigbss       000000
__Lbigdata               bigdata      000000
__Lbigram                bigram       000000
__Lbss                   bss          000000
__LbssCOMRAM             bssCOMRAM    000000
__Lcinit                 cinit        000000
__Lclrtext               clrtext      000000
__Lcomram                comram       000000
__Lconfig                config       300000
__Lconst                 const        000000
__LcstackCOMRAM          cstackCOMRAM 000000
__Ldata                  data         000000
__LdataCOMRAM            dataCOMRAM   000000
__Leeprom_data           eeprom_data  000000
__Lfarbss                farbss       000000
__Lfardata               fardata      000000
__Libigdata              ibigdata     000000
__Lidata                 idata        000000
__LidataCOMRAM           idataCOMRAM  000000
__Lidloc                 idloc        200000
__Lifardata              ifardata     000000
__Linit                  init         000000
__Lintcode               intcode      000000
__Lintcode_body          intcode_body 000000
__Lintcodelo             intcodelo    000000
__Lintentry              intentry     000000
__Lintret                intret       000000
__Lintsave_regs          intsave_regs 000000
__Lirdata                irdata       000000
__Lmediumconst           mediumconst  000000
__LnvFARRAM              nvFARRAM     000000
__Lnvbit                 nvbit        000000
__Lnvrram                nvrram       000000
__Lparam                 rparam       000000
__Lpowerup               powerup      000000
__Lram                   ram          000000
__Lramtop                ramtop       000600
__Lrbit                  rbit         000000
__Lrbss                  rbss         000000
__Lrdata                 rdata        000000
__Lreset_vec             reset_vec    000000
__Lrparam                rparam       000000
__Lsfr                   sfr          000000
__Lsmallconst            smallconst   000000
__Lspace_0               (abs)        000000
__Lspace_1               (abs)        000000
__Lspace_2               (abs)        000000
__Lstack                 stack        000000
__Lstruct                struct       000000
__Ltemp                  temp         000000
__Ltext                  text         000000
__Ltext0                 text0        000000
__Ltext1                 text1        000000
__Ltext2                 text2        000000
__Ltext3                 text3        000000
__Ltext4                 text4        000000
__Ltext5                 text5        000000
__Ltext6                 text6        000000
__Ltext7                 text7        000000
__S0                     (abs)        30000E
__S1                     (abs)        000036
__S2                     (abs)        000000
___inthi_sp              stack        000000
___intlo_sp              stack        000000
___param_bank            (abs)        000000
___rparam_used           (abs)        000001
___sp                    stack        000000
__accesstop              (abs)        000080
__activetblptr           (abs)        000000
__end_of_CloseI2C        text7        007D8E
__end_of_IdleI2C         text3        007DA0
__end_of_OpenI2C         text6        007DF0
__end_of_ReadI2C         text5        007DD2
__end_of_WriteI2C        text2        007F22
__end_of__initialization cinit        007E1C
__end_of_getsI2C         text4        007E70
__end_of_main            text0        008000
__end_of_putsI2C         text1        007EC4
__initialization         cinit        007DF0
__mediumconst            mediumconst  000000
__pbssCOMRAM             bssCOMRAM    000001
__pcinit                 cinit        007DF0
__pcstackCOMRAM          cstackCOMRAM 00002B
__pdataCOMRAM            dataCOMRAM   000016
__pidataCOMRAM           idataCOMRAM  007DA1
__ptext0                 text0        007F22
__ptext1                 text1        007E70
__ptext2                 text2        007EC4
__ptext3                 text3        007D8E
__ptext4                 text4        007E22
__ptext5                 text5        007DB6
__ptext6                 text6        007DD2
__ptext7                 text7        007D8A
__ramtop                 ramtop       000600
__size_of_CloseI2C       (abs)        000000
__size_of_IdleI2C        (abs)        000000
__size_of_OpenI2C        (abs)        000000
__size_of_ReadI2C        (abs)        000000
__size_of_WriteI2C       (abs)        000000
__size_of_getsI2C        (abs)        000000
__size_of_main           (abs)        000000
__size_of_putsI2C        (abs)        000000
__smallconst             smallconst   000000
_getsI2C                 text4        007E22
_main                    text0        007F22
_putsI2C                 text1        007E70
end_of_initialization    cinit        007E1C
getsI2C@length           cstackCOMRAM 00002D
getsI2C@rdptr            cstackCOMRAM 00002B
intlevel0                text         000000
intlevel1                text         000000
intlevel2                text         000000
intlevel3                text         000000
main@add1                cstackCOMRAM 000033
main@data                cstackCOMRAM 000030
main@i                   cstackCOMRAM 000035
main@slew                cstackCOMRAM 000032
main@status              cstackCOMRAM 000034
main@sync_mode           cstackCOMRAM 000031
putsI2C@temp             cstackCOMRAM 00002F
putsI2C@wrptr            cstackCOMRAM 00002D
stackhi                  (abs)        0005FF
stacklo                  (abs)        000080
start                    init         000000
start_initialization     cinit        007DF0


FUNCTION INFORMATION:

 *************** function _main *****************
 Defined at:
		line 68 in file "newmain.c"
 Parameters:    Size  Location     Type
		None
 Auto vars:     Size  Location     Type
  i               1   10[COMRAM] unsigned char 
  status          1    9[COMRAM] unsigned char 
  add1            1    8[COMRAM] unsigned char 
  slew            1    7[COMRAM] unsigned char 
  sync_mode       1    6[COMRAM] unsigned char 
  data            1    5[COMRAM] unsigned char 
 Return value:  Size  Location     Type
                  1    wreg      void 
 Registers used:
		wreg, fsr2l, fsr2h, status,2, status,0, prodl, prodh, cstack
 Tracked objects:
		On entry : 
		On exit  : 
		Unchanged: 
 Data sizes:     COMRAM   BANK0   BANK1   BANK2   BANK3   BANK4   BANK5
      Params:         0       0       0       0       0       0       0
      Locals:         6       0       0       0       0       0       0
      Temps:          0       0       0       0       0       0       0
      Totals:         6       0       0       0       0       0       0
Total ram usage:        6 bytes
 Hardware stack levels required when called:    3
 This function calls:
		_CloseI2C
		_IdleI2C
		_OpenI2C
		_WriteI2C
		_getsI2C
		_putsI2C
 This function is called by:
		Startup code after reset
 This function uses a non-reentrant model


 *************** function _putsI2C *****************
 Defined at:
		line 19 in file "C:\Program Files\Microchip\xc8\v1.44\sources\pic18\plib\i2c\i2c_puts.c"
 Parameters:    Size  Location     Type
  wrptr           2    2[COMRAM] PTR unsigned char 
		 -> I2C_Send(21), 
 Auto vars:     Size  Location     Type
  temp            1    4[COMRAM] unsigned char 
 Return value:  Size  Location     Type
                  1    wreg      char 
 Registers used:
		wreg, fsr2l, fsr2h, status,2, status,0, cstack
 Tracked objects:
		On entry : 
		On exit  : 
		Unchanged: 
 Data sizes:     COMRAM   BANK0   BANK1   BANK2   BANK3   BANK4   BANK5
      Params:         2       0       0       0       0       0       0
      Locals:         1       0       0       0       0       0       0
      Temps:          0       0       0       0       0       0       0
      Totals:         3       0       0       0       0       0       0
Total ram usage:        3 bytes
 Hardware stack levels used:    1
 Hardware stack levels required when called:    2
 This function calls:
		_WriteI2C
 This function is called by:
		_main
 This function uses a non-reentrant model


 *************** function _WriteI2C *****************
 Defined at:
		line 12 in file "C:\Program Files\Microchip\xc8\v1.44\sources\pic18\plib\i2c\i2c_writ.c"
 Parameters:    Size  Location     Type
  data_out        1    wreg     unsigned char 
 Auto vars:     Size  Location     Type
  data_out        1    1[COMRAM] unsigned char 
 Return value:  Size  Location     Type
                  1    wreg      char 
 Registers used:
		wreg, status,2, status,0, cstack
 Tracked objects:
		On entry : 
		On exit  : 
		Unchanged: 
 Data sizes:     COMRAM   BANK0   BANK1   BANK2   BANK3   BANK4   BANK5
      Params:         0       0       0       0       0       0       0
      Locals:         1       0       0       0       0       0       0
      Temps:          0       0       0       0       0       0       0
      Totals:         1       0       0       0       0       0       0
Total ram usage:        1 bytes
 Hardware stack levels used:    1
 Hardware stack levels required when called:    1
 This function calls:
		_IdleI2C
 This function is called by:
		_main
		_putsI2C
 This function uses a non-reentrant model


 *************** function _IdleI2C *****************
 Defined at:
		line 24 in file "C:\Program Files\Microchip\xc8\v1.44\sources\pic18\plib\i2c\i2c_idle.c"
 Parameters:    Size  Location     Type
		None
 Auto vars:     Size  Location     Type
		None
 Return value:  Size  Location     Type
                  1    wreg      void 
 Registers used:
		wreg, status,2, status,0
 Tracked objects:
		On entry : 
		On exit  : 
		Unchanged: 
 Data sizes:     COMRAM   BANK0   BANK1   BANK2   BANK3   BANK4   BANK5
      Params:         0       0       0       0       0       0       0
      Locals:         0       0       0       0       0       0       0
      Temps:          1       0       0       0       0       0       0
      Totals:         1       0       0       0       0       0       0
Total ram usage:        1 bytes
 Hardware stack levels used:    1
 This function calls:
		Nothing
 This function is called by:
		_main
		_WriteI2C
 This function uses a non-reentrant model


 *************** function _getsI2C *****************
 Defined at:
		line 17 in file "C:\Program Files\Microchip\xc8\v1.44\sources\pic18\plib\i2c\i2c_gets.c"
 Parameters:    Size  Location     Type
  rdptr           2    0[COMRAM] PTR unsigned char 
		 -> I2C_Recv(21), 
  length          1    2[COMRAM] unsigned char 
 Auto vars:     Size  Location     Type
		None
 Return value:  Size  Location     Type
                  1    wreg      char 
 Registers used:
		wreg, fsr2l, fsr2h, status,2, status,0, cstack
 Tracked objects:
		On entry : 
		On exit  : 
		Unchanged: 
 Data sizes:     COMRAM   BANK0   BANK1   BANK2   BANK3   BANK4   BANK5
      Params:         3       0       0       0       0       0       0
      Locals:         0       0       0       0       0       0       0
      Temps:          0       0       0       0       0       0       0
      Totals:         3       0       0       0       0       0       0
Total ram usage:        3 bytes
 Hardware stack levels used:    1
 Hardware stack levels required when called:    1
 This function calls:
		_ReadI2C
 This function is called by:
		_main
 This function uses a non-reentrant model


 *************** function _ReadI2C *****************
 Defined at:
		line 11 in file "C:\Program Files\Microchip\xc8\v1.44\sources\pic18\plib\i2c\i2c_read.c"
 Parameters:    Size  Location     Type
		None
 Auto vars:     Size  Location     Type
		None
 Return value:  Size  Location     Type
                  1    wreg      unsigned char 
 Registers used:
		wreg, status,2, status,0
 Tracked objects:
		On entry : 
		On exit  : 
		Unchanged: 
 Data sizes:     COMRAM   BANK0   BANK1   BANK2   BANK3   BANK4   BANK5
      Params:         0       0       0       0       0       0       0
      Locals:         0       0       0       0       0       0       0
      Temps:          0       0       0       0       0       0       0
      Totals:         0       0       0       0       0       0       0
Total ram usage:        0 bytes
 Hardware stack levels used:    1
 This function calls:
		Nothing
 This function is called by:
		_getsI2C
 This function uses a non-reentrant model


 *************** function _OpenI2C *****************
 Defined at:
		line 14 in file "C:\Program Files\Microchip\xc8\v1.44\sources\pic18\plib\i2c\i2c_open.c"
 Parameters:    Size  Location     Type
  sync_mode       1    wreg     unsigned char 
  slew            1    0[COMRAM] unsigned char 
 Auto vars:     Size  Location     Type
  sync_mode       1    1[COMRAM] unsigned char 
 Return value:  Size  Location     Type
                  1    wreg      void 
 Registers used:
		wreg, status,2, status,0
 Tracked objects:
		On entry : 
		On exit  : 
		Unchanged: 
 Data sizes:     COMRAM   BANK0   BANK1   BANK2   BANK3   BANK4   BANK5
      Params:         1       0       0       0       0       0       0
      Locals:         1       0       0       0       0       0       0
      Temps:          0       0       0       0       0       0       0
      Totals:         2       0       0       0       0       0       0
Total ram usage:        2 bytes
 Hardware stack levels used:    1
 This function calls:
		Nothing
 This function is called by:
		_main
 This function uses a non-reentrant model


 *************** function _CloseI2C *****************
 Defined at:
		line 19 in file "C:\Program Files\Microchip\xc8\v1.44\sources\pic18\plib\i2c\i2c_clos.c"
 Parameters:    Size  Location     Type
		None
 Auto vars:     Size  Location     Type
		None
 Return value:  Size  Location     Type
                  1    wreg      void 
 Registers used:
		status,2, status,0
 Tracked objects:
		On entry : 
		On exit  : 
		Unchanged: 
 Data sizes:     COMRAM   BANK0   BANK1   BANK2   BANK3   BANK4   BANK5
      Params:         0       0       0       0       0       0       0
      Locals:         0       0       0       0       0       0       0
      Temps:          0       0       0       0       0       0       0
      Totals:         0       0       0       0       0       0       0
Total ram usage:        0 bytes
 Hardware stack levels used:    1
 This function calls:
		Nothing
 This function is called by:
		_main
 This function uses a non-reentrant model



MODULE INFORMATION

Module		Function		Class		Link	Load	Size
C:\Program Files\Microchip\xc8\v1.44\sources\pic18\plib\i2c\i2c_gets.c
		_getsI2C       		CODE           	7E22	0000	79

C:\Program Files\Microchip\xc8\v1.44\sources\pic18\plib\i2c\i2c_gets.c estimated size: 79

C:\Program Files\Microchip\xc8\v1.44\sources\pic18\plib\i2c\i2c_clos.c
		_CloseI2C      		CODE           	7D8A	0000	5

C:\Program Files\Microchip\xc8\v1.44\sources\pic18\plib\i2c\i2c_clos.c estimated size: 5

newmain.c
		_main          		CODE           	7F22	0000	223

newmain.c estimated size: 223

C:\Program Files\Microchip\xc8\v1.44\sources\pic18\plib\i2c\i2c_open.c
		_OpenI2C       		CODE           	7DD2	0000	31

C:\Program Files\Microchip\xc8\v1.44\sources\pic18\plib\i2c\i2c_open.c estimated size: 31

C:\Program Files\Microchip\xc8\v1.44\sources\pic18\plib\i2c\i2c_writ.c
		_WriteI2C      		CODE           	7EC4	0000	95

C:\Program Files\Microchip\xc8\v1.44\sources\pic18\plib\i2c\i2c_writ.c estimated size: 95

shared
		__initialization		CODE           	7DF0	0000	45

shared estimated size: 45

C:\Program Files\Microchip\xc8\v1.44\sources\pic18\plib\i2c\i2c_read.c
		_ReadI2C       		CODE           	7DB6	0000	29

C:\Program Files\Microchip\xc8\v1.44\sources\pic18\plib\i2c\i2c_read.c estimated size: 29

C:\Program Files\Microchip\xc8\v1.44\sources\pic18\plib\i2c\i2c_idle.c
		_IdleI2C       		CODE           	7D8E	0000	19

C:\Program Files\Microchip\xc8\v1.44\sources\pic18\plib\i2c\i2c_idle.c estimated size: 19

C:\Program Files\Microchip\xc8\v1.44\sources\pic18\plib\i2c\i2c_puts.c
		_putsI2C       		CODE           	7E70	0000	85

C:\Program Files\Microchip\xc8\v1.44\sources\pic18\plib\i2c\i2c_puts.c estimated size: 85

